// Jest Snapshot v1, https://goo.gl/fbAQLP

exports[`AppRouter Test should render ok 1`] = `
<div>
  <nav
    className="navbar navbar-expand-lg navbar-dark bg-dark"
  >
    <div
      className="container-fluid"
    >
      <a
        aria-current="page"
        className="navbar-brand active"
        href="/"
        onClick={[Function]}
        style={Object {}}
      >
        useContext
      </a>
      <div
        className="collapse navbar-collapse"
      >
        <div
          className="navbar-nav"
        >
          <a
            aria-current="page"
            className="nav-link active"
            href="/"
            onClick={[Function]}
            style={Object {}}
          >
            Home
          </a>
          <a
            aria-current={null}
            className="nav-link"
            href="/login"
            onClick={[Function]}
          >
            Login
          </a>
          <a
            aria-current={null}
            className="nav-link"
            href="/about"
            onClick={[Function]}
          >
            About
          </a>
        </div>
      </div>
    </div>
  </nav>
  Array [
    <h1>
      Home
    </h1>,
    <hr />,
    "{
   \\"name\\": \\"nelson\\",
   \\"email\\": \\"test@test.com\\"
}",
    <button
      className="btn btn-primary"
      onClick={[Function]}
    >
      Set User
    </button>,
  ]
</div>
`;
