// Jest Snapshot v1, https://goo.gl/fbAQLP

exports[`Quotes test should render ok 1`] = `
<Fragment>
  <h1>
    Breaking Bad
  </h1>
  <hr />
  <Loading />
  <Loading2 />
  <button
    className="btn btn-primary"
    onClick={[Function]}
  >
    Next Quote
  </button>
</Fragment>
`;
