// Jest Snapshot v1, https://goo.gl/fbAQLP

exports[`HookApp testing should render ok 1`] = `
<Fragment>
  <h1>
    Hello World!
  </h1>
</Fragment>
`;
