// Jest Snapshot v1, https://goo.gl/fbAQLP

exports[`LoginScreen test should render ok 1`] = `
Array [
  <h1>
    Login
  </h1>,
  <hr />,
  <button
    className="btn btn-primary"
    onClick={[Function]}
  >
    Login
  </button>,
]
`;
