// Jest Snapshot v1, https://goo.gl/fbAQLP

exports[`<LoginComponent /> test should render ok 1`] = `
<div>
  <h1
    className="auth__header-login"
  >
    Login
  </h1>
  <form
    onSubmit={[Function]}
  >
    <input
      autoComplete="off"
      className="auth__input"
      name="email"
      onChange={[Function]}
      placeholder="Email"
      type="email"
    />
    <input
      className="auth__input"
      name="password"
      onChange={[Function]}
      placeholder="Password"
      type="password"
    />
    <button
      className="auth__button"
      disabled={false}
      type="submit"
    >
      Login
    </button>
  </form>
  <div
    className="google-btn"
    onClick={[Function]}
  >
    <div
      className="google-icon-wrapper"
    >
      <img
        alt="google button"
        className="google-icon"
        src="https://upload.wikimedia.org/wikipedia/commons/5/53/Google_%22G%22_Logo.svg"
      />
    </div>
    <p
      className="btn-text"
    >
      <b>
        Sign in with google
      </b>
    </p>
  </div>
  <div
    className="auth__footer"
  >
    <a
      href="/auth/register"
      onClick={[Function]}
    >
      Create new account
    </a>
  </div>
</div>
`;
