// Jest Snapshot v1, https://goo.gl/fbAQLP

exports[`Task test should render ok 1`] = `
<div
  className="row"
>
  <div
    className="col-md-3"
  >
    <TaskForm
      onClickHandler={[Function]}
    />
  </div>
  <div
    className="offset-md-1 col-md-3"
  >
    <TaskItem
      btnClickHandler={[Function]}
      key="Make DInner"
      pos={1}
      task={
        Object {
          "done": false,
          "id": 1631315572372,
          "task": "Make DInner",
        }
      }
    />
  </div>
</div>
`;
